Testing imports...
SUCCESS: All working
